
> smart-ag@0.0.0 build
> vite build

node.exe : [31mfailed 
to load config from D:\
GDG\smart-ag\vite.confi
g.js[39m
At C:\Program Files\nod
ejs\npm.ps1:29 char:3
+   & $NODE_EXE 
$NPM_CLI_JS $args
+   ~~~~~~~~~~~~~~~~~~~
~~~~~~~~~~
    + CategoryInfo     
         : NotSpecifi  
  ed: ([31mfailed t   
 o ....config.js[3    
9m:String) [], Rem    
oteException
    + FullyQualifiedEr 
   rorId : NativeComm  
  andError
 
[31merror during 
build:
Error [ERR_PACKAGE_PATH
_NOT_EXPORTED]: 
Package subpath 
'./internal' is not 
defined by "exports" 
in D:\GDG\smart-ag\node
_modules\vite\package.j
son imported from D:\GD
G\smart-ag\node_modules
\@vitejs\plugin-react\d
ist\index.js
    at exportsNotFound 
(node:internal/modules/
esm/resolve:314:10)
    at 
packageExportsResolve (
node:internal/modules/e
sm/resolve:661:9)
    at packageResolve (
node:internal/modules/e
sm/resolve:774:12)
    at moduleResolve (n
ode:internal/modules/es
m/resolve:854:18)
    at defaultResolve (
node:internal/modules/e
sm/resolve:984:11)
    at ModuleLoader.def
aultResolve (node:inter
nal/modules/esm/loader:
780:12)
    at 
#cachedDefaultResolve (
node:internal/modules/e
sm/loader:704:25)
    at 
ModuleLoader.resolve (n
ode:internal/modules/es
m/loader:687:38)
    at ModuleLoader.get
ModuleJobForImport (nod
e:internal/modules/esm/
loader:305:38)
    at ModuleJob._link 
(node:internal/modules/
esm/module_job:137:49)
[39m
